// Jest Snapshot v1, https://goo.gl/fbAQLP

exports[`<List /> renders this UI as expected 1`] = `
<section
  className="List"
>
  <header
    className="List-header"
  >
    <h2>
      test
    </h2>
  </header>
  <div
    className="List-cards"
  >
    <div
      className="Card"
    >
      <button
        type="button"
      >
        delete
      </button>
      <h3>
        test
      </h3>
      <p>
        test content
      </p>
    </div>
  </div>
  <button
    className="List-add-button"
    type="button"
  >
    + Add Random Card
  </button>
</section>
`;
